---
source: bd-report-parsers/src/./android_fbs_tests.rs
assertion_line: 89
expression: thread
---
Thread {
    name: Some(
        "ADB-JDWP Connection Control Thread",
    ),
    active: false,
    index: 7,
    state: Some(
        "WaitingInMainDebuggerLoop",
    ),
    priority: 0.0,
    quality_of_service: -1,
    stack_trace: Some(
        [
            Frame {
                type_: AndroidNative,
                class_name: None,
                symbol_name: Some(
                    "__ppoll",
                ),
                source_file: Some(
                    SourceFile {
                        path: Some(
                            "/apex/com.android.runtime/lib64/bionic/libc.so",
                        ),
                        line: 0,
                        column: 0,
                    },
                ),
                image_id: None,
                frame_address: 648856,
                symbol_address: 648848,
                registers: None,
                state: None,
                frame_status: Missing,
                original_index: 0,
                in_app: false,
                symbolicated_name: None,
            },
            Frame {
                type_: AndroidNative,
                class_name: None,
                symbol_name: Some(
                    "poll",
                ),
                source_file: Some(
                    SourceFile {
                        path: Some(
                            "/apex/com.android.runtime/lib64/bionic/libc.so",
                        ),
                        line: 0,
                        column: 0,
                    },
                ),
                image_id: None,
                frame_address: 375568,
                symbol_address: 375476,
                registers: None,
                state: None,
                frame_status: Missing,
                original_index: 0,
                in_app: false,
                symbolicated_name: None,
            },
            Frame {
                type_: AndroidNative,
                class_name: None,
                symbol_name: Some(
                    "adbconnection::AdbConnectionState::RunPollLoop(art::Thread*)",
                ),
                source_file: Some(
                    SourceFile {
                        path: Some(
                            "/apex/com.android.art/lib64/libadbconnection.so",
                        ),
                        line: 0,
                        column: 0,
                    },
                ),
                image_id: None,
                frame_address: 40364,
                symbol_address: 39612,
                registers: None,
                state: None,
                frame_status: Missing,
                original_index: 0,
                in_app: false,
                symbolicated_name: None,
            },
            Frame {
                type_: AndroidNative,
                class_name: None,
                symbol_name: Some(
                    "adbconnection::CallbackFunction(void*)",
                ),
                source_file: Some(
                    SourceFile {
                        path: Some(
                            "/apex/com.android.art/lib64/libadbconnection.so",
                        ),
                        line: 0,
                        column: 0,
                    },
                ),
                image_id: None,
                frame_address: 33804,
                symbol_address: 32320,
                registers: None,
                state: None,
                frame_status: Missing,
                original_index: 0,
                in_app: false,
                symbolicated_name: None,
            },
            Frame {
                type_: AndroidNative,
                class_name: None,
                symbol_name: Some(
                    "__pthread_start(void*)",
                ),
                source_file: Some(
                    SourceFile {
                        path: Some(
                            "/apex/com.android.runtime/lib64/bionic/libc.so",
                        ),
                        line: 0,
                        column: 0,
                    },
                ),
                image_id: None,
                frame_address: 727312,
                symbol_address: 727048,
                registers: None,
                state: None,
                frame_status: Missing,
                original_index: 0,
                in_app: false,
                symbolicated_name: None,
            },
            Frame {
                type_: AndroidNative,
                class_name: None,
                symbol_name: Some(
                    "__start_thread",
                ),
                source_file: Some(
                    SourceFile {
                        path: Some(
                            "/apex/com.android.runtime/lib64/bionic/libc.so",
                        ),
                        line: 0,
                        column: 0,
                    },
                ),
                image_id: None,
                frame_address: 332784,
                symbol_address: 332720,
                registers: None,
                state: None,
                frame_status: Missing,
                original_index: 0,
                in_app: false,
                symbolicated_name: None,
            },
        ],
    ),
    summary: None,
}
